<html>
<body>
<pre>
<h1>µVision Build Log</h1>
<h2>Tool Versions:</h2>
IDE-Version: ¦ÌVision V5.35.0.0
Copyright (C) 2021 ARM Ltd and ARM Germany GmbH. All rights reserved.
License Information: ym 29363608@qq.com, lee, LIC=8VRJ7-E1A1K-PCXJ8-3HZRQ-43UTM-4HM90
 
Tool Versions:
Toolchain:       MDK-ARM Plus  Version: 5.38.0.0
Toolchain Path:  D:\Keil_v5\ARM\ARMCC\Bin
C Compiler:      Armcc.exe V5.06 update 6 (build 750)
Assembler:       Armasm.exe V5.06 update 6 (build 750)
Linker/Locator:  ArmLink.exe V5.06 update 6 (build 750)
Library Manager: ArmAr.exe V5.06 update 6 (build 750)
Hex Converter:   FromElf.exe V5.06 update 6 (build 750)
CPU DLL:         SARMCM3.DLL V5.38.0.0
Dialog DLL:      DCM.DLL V1.17.5.0
Target DLL:      CMSIS_AGDI.dll V1.33.15.0
Dialog DLL:      TCM.DLL V1.56.4.0
 
<h2>Project:</h2>
D:\qrs\GD32H7\TemplateProject.uvprojx
Project File Date:  04/13/2026

<h2>Output:</h2>
*** Using Compiler 'V5.06 update 6 (build 750)', folder: 'D:\Keil_v5\ARM\ARMCC\Bin'
Build target 'Target 1'
compiling shop_callbacks.c...
linking...
Program Size: Code=195576 RO-data=194692 RW-data=716 ZI-data=32512172  
".\Objects\TemplateProject.axf" - 0 Error(s), 0 Warning(s).

<h2>Software Packages used:</h2>

Package Vendor: GigaDevice
                https://gd32mcu.com/GigaDevice.GD32H7xx_DFP.1.4.0.pack
                GigaDevice.GD32H7xx_DFP.1.4.0
                GigaDevice GD32H7xx Series Device Support and Examples

<h2>Collection of Component include folders:</h2>
  C:\Users\29363\AppData\Local\Arm\Packs\GigaDevice\GD32H7xx_DFP\1.4.0\Device\Include

<h2>Collection of Component Files used:</h2>
Build Time Elapsed:  00:00:04
</pre>
</body>
</html>
